MAIN                                                                                                          PAGE 1

                       1    $MOD51  ; This includes 8051 definitions for the Metalink assembler
                       2    
                       3    ;-------------- Define Statements -----------------------
                       4    ;P2.0-P2.7 are connected to LCD data poins D0-D7
                       5    ;P0.0 is connected to RS pin of LCD
                       6    ;P0.1 is connected to R/W pin of LCD
                       7    ;P0.2 is connected to E pin of LCD      
                       8    
  0080                 9    RS                      EQU             P0.0
  0081                10    RW                      EQU             P0.1
  0082                11    E                       EQU             P0.2
  00A0                12    DATA_PORT       EQU             P2
  00A7                13    BF                      EQU             P2.7
                      14    
                      15    ;-------------- Program Start ---------------------------
0000                  16                    ORG             00H
0000 8033             17                    SJMP    SETUP
                      18                    
                      19    ;-------------- Interrupt Vector Table ------------------               
                      20    ;--
                      21    ;--     ISR for External Hardware Interrupt 0 (INT0), (Pin P3.2 or Pin 12)
                      22    ;               ORG             03H     ;External Hardware Interrupt 0 vector table
                      23    ;               SJMP    ISR_EHI0 ;jump to Interrupt Service Routine (ISR)
                      24    ;--
                      25    ;-- ISR for Timer 0 (TF0)
                      26                    ;ORG            0BH     ;Timer 0 interrupt vector table
                      27                    ;SJMP   ISR_T0  ;jump to Interrupt Service Routine (ISR)
                      28    ;--
                      29    ;--     ISR for External Hardware Interrupt 1 (INT1), (Pin P3.3 or Pin 13)
                      30    ;               ORG             13H     ;External Hardware Interrupt 1 vector table
                      31    ;               SJMP    ISR_EHI1 ;jump to Interrupt Service Routine (ISR)
                      32    ;--
                      33    ;-- ISR for Timer 1 (TF1)
                      34                    ;ORG            1BH     ;Timer 1 interrupt vector table
                      35                    ;SJMP   ISR_T1  ;jump to Interrupt Service Routine (ISR)
                      36    ;--
                      37    ;--     ISR for Serial COM Interrupt (RI and TI)
                      38    ;               ORG             23H     ;Serial COM Interrupt vector table
                      39    ;               SJMP    ISR_Ser ;jump to Interrupt Service Routine (ISR)
                      40    
0030                  41                    ORG             30H             ;after Interrupt vector table
                      42    ;-------------- Interrupt Handlers ----------------------
0030                  43    INT_0:
0030 32               44            RETI
0031                  45    TF_0:
0031 32               46            RETI
0032                  47    INT_1:
0032 32               48            RETI
0033                  49    TF_1:
0033 32               50            RETI
0034                  51    SER:
0034 32               52            RETI
                      53            
                      54    ;-------------- Set Up ----------------------------------       
                      55            
0035                  56    SETUP:
0035 75A000           57                    MOV             DATA_PORT,#00H  ;Make P2 an output port
0038 758000           58                    MOV             P0,#00H ;Make P0 an output port
MAIN                                                                                                          PAGE 2

003B                  59    LCD_1:  
                      60                    ;DB             "HELLO", 0
003B 48454C4C         61                    DB      'HELLO', 0
003F 4F00       
0041                  62    LCD_2:  
                      63                    ;DB             "WORLD", 0
0041 574F524C         64                    DB      'WORLD', 0
0045 4400       
                      65                            
                      66                    
                      67            ;Interrupt Enable - IE
                      68            ;D7                                                                                 
                                                                                                           D0
                      69            ;EA                             --                      ET2                     ES  
                                                                                                   ET1(P3.3)       EX1(e
                                                                               dge:SETB TCON.2)   ET0(P3.2)       EX0(ed
                                                                               ge:SETB TCON.0)
                      70            ;Enable All             Not Used        Not 8051        Serial          Timer 1     
                                                                                   Ext Int 1                            
                                                                                  Timer 0         Ext Int 0
0047 75A880           71            MOV             IE,#10000000B   ;Enable Interrupts To Be Turned On
                      72            
                      73            ;Timer Control - TCON
                      74            ;Timer--------------------------------------------------------------    Interrupts -
                                                                               -----------------------------------------
                                                                               -------------------------
                      75            ;D7                                                                                 
                                                                                                                        
                                                                                      D0
                      76            ;TCON.7                         TCON.6                  TCON.5                      
                                                                                   TCON.4                  TCON.3       
                                                                                                  TCON.2                
                                                                                         TCON.1                         
                                                                                TCON.0
                      77            ;TF1(overflow flag)     TR1(Run Cont)   TF0(overflow flag)      TR0(Run Cont)   IE1(
                                                                               flag edge H->L)     IT1(edge=1,level=0)  
                                                                                  IE0(flag edge H->L)     IT0(edge=1,lev
                                                                               el=0)
004A 758805           78            MOV             TCON,#00000101B ;Make external interrupts H->L edge triggered       
                                                                                   
                      79    
                      80    ;-------------- Main Program ----------------------------
                      81    
004D                  82    MAIN:   
004D 1171             83                    ACALL   INIT_LCD
                      84                    
004F 7485             85                    MOV             A,#85H          ;Cursor: line 1, pos. 5
0051 119A             86                    ACALL   COMMAND
0053 90003B           87                    MOV             DPTR,#LCD_1     ;Load ROM Pointer
0056                  88    WORD1:          
0056 E4               89                    CLR             A
0057 93               90                    MOVC    A,@A+DPTR
0058 6005             91                    JZ              NEXTWORD
005A 11A7             92                    ACALL   DATA_DISPLAY
005C A3               93                    INC             DPTR
005D 80F7             94                    SJMP    WORD1           
005F                  95    NEXTWORD:               
005F 74C5             96                    MOV             A,#0C5H         ;Cusor: line 2, pos. 5
MAIN                                                                                                          PAGE 3

0061 119A             97                    ACALL   COMMAND
0063 900041           98                    MOV             DPTR,#LCD_2
0066                  99    WORD2:          
0066 E4              100                    CLR             A
0067 93              101                    MOVC    A,@A+DPTR
0068 6005            102                    JZ              HERE
006A 11A7            103                    ACALL   DATA_DISPLAY
006C A3              104                    INC             DPTR
006D 80F7            105                    SJMP    WORD2
                     106    
006F 80FE            107    HERE:   SJMP    HERE            ;Stay here
                     108    
                     109    ;-------------- LCD routines ---------------------------
                     110    
0071                 111    INIT_LCD:
0071 75F028          112                    MOV             B,#40
0074 11C5            113                    ACALL   DELAY_mS        ;40mS Delay
0076 7438            114                    MOV             A,#38H          ;Init LCD 2 Lines, 5x8 matrix
0078 119A            115                    ACALL   COMMAND
007A 740E            116                    MOV             A,#0EH          ;LCD on, cursor on
007C 119A            117                    ACALL   COMMAND
007E 7401            118                    MOV             A,#01H          ;clear LCD command
0080 119A            119                    ACALL   COMMAND
0082 7406            120                    MOV             A,#06H          ;shift cursor right
0084 119A            121                    ACALL   COMMAND
0086 22              122                    RET
                     123                    
0087                 124    READY:
0087 D2A7            125                    SETB    BF              ;Make P2.7 input pin
0089 C280            126                    CLR             RS
008B D281            127                    SETB    RW
008D                 128    BACK:
008D C282            129                    CLR             E
008F 75F032          130                    MOV             B, #50
0092 11D1            131                    ACALL   DELAY_uS        ;108.5uS delay
0094 D282            132                    SETB    E
0096 20A7F4          133                    JB              BF, BACK
                     134                    ;CLR            E
0099 22              135                    RET     
                     136                    
009A                 137    COMMAND:                                        ;Write Command
009A 1187            138                    ACALL   READY           ;Is LCD ready?
009C F5A0            139                    MOV             DATA_PORT, A
009E C280            140                    CLR             RS
00A0 C281            141                    CLR             RW
00A2 D282            142                    SETB    E
00A4 C282            143                    CLR             E
00A6 22              144                    RET
                     145    
00A7                 146    DATA_DISPLAY:                           ;Write Display
00A7 1187            147                    ACALL   READY           ;Is LCD ready?
00A9 F5A0            148                    MOV             DATA_PORT, A
00AB D280            149                    SETB    RS
00AD C281            150                    CLR             RW
00AF D282            151                    SETB    E
00B1 00              152                    NOP                                     ;1.085uS Delay ... was originally 55
                                                                               3.35uS
00B2 C282            153                    CLR             E
MAIN                                                                                                          PAGE 4

00B4 22              154                    RET
                     155                    
                     156    ;-------------- Delay routines ---------------------------
                     157    
                     158    ;-------------- Delay in seconds ------------------------
                     159    ;(255*255*7*B*2.17uS)+2.17uS+2.17uS = 0.987734 seconds
                     160    ; B=1 -> 0.987734 seconds
                     161    ; B=2 -> 1.975468 seconds
                     162    
00B5                 163    DELAY_s:
00B5                 164    S4:
00B5 7B07            165            MOV R3,#7
00B7                 166    S3:
00B7 7AFF            167            MOV R2,#255
00B9                 168    S2:     
00B9 79FF            169            MOV R1,#255
00BB                 170    S1:
00BB D9FE            171            DJNZ R1, S1
00BD DAFA            172            DJNZ R2, S2
00BF DBF6            173            DJNZ R3, S3
00C1 D5F0F1          174            DJNZ B, S4
00C4 22              175            RET
                     176    
                     177    ;-------------- Delay in milli-seconds ------------------
                     178    ; (5*92*B*2.17uS)+2.17uS+2.17uS = 1.000434mS if register B is 1
                     179    ; B=1 -> 1.000434mS
                     180    ; B=2 -> 2.000740mS
                     181    
                     182    ;Max delay is B=FF (255) for 255mS
                     183    
00C5                 184    DELAY_mS:
00C5                 185    mS3:
00C5 7B05            186            MOV R3,#5               ;2 Cycles
00C7                 187    mS2:
00C7 7A5C            188            MOV R2,#92              ;2 Cycles
00C9                 189    mS1:    
00C9 DAFE            190            DJNZ    R2,mS1  ;2 Cycles
00CB DBFA            191            DJNZ    R3,mS2  ;2 Cycles
00CD D5F0F5          192            DJNZ    B,mS3   ;2 Cycles
00D0 22              193            RET
                     194            
                     195    ; uS delay is accomplished with NOP = 1.085uS
                     196    ;-------------- Delay in micro-seconds ------------------
                     197    ; (B*2.17uS)
                     198    ; B=1 -> 2.17uS
                     199    ; B=2 -> 4.34uS
                     200    ; B=255 -> 553.39uS
                     201    
00D1                 202    DELAY_uS:
00D1                 203    uS1:
00D1 D5F0FD          204            DJNZ    B,uS1   ;2 Cycles
00D4 22              205            RET
                     206    
                     207    ; DELAY subroutine
00D5 7BFF            208    DELAY:          MOV     R3,     #255    ; Load R3 with 255
00D7 7C02            209    L2:             MOV     R4,     #2      ; Load R4 with 2
00D9 DCFE            210    L1:             DJNZ    R4,     L1      ; Decrement R4, if not zero repeat L1
00DB DBFA            211                    DJNZ    R3,     L2      ; Decrement R3, if not zero repeat L1
MAIN                                                                                                          PAGE 5

00DD 22              212                    RET
                     213    
                     214    END

VERSION 1.2k ASSEMBLY COMPLETE, 0 ERRORS FOUND
MAIN                                                                                                          PAGE 6

B. . . . . . . . . . . . . . . .  D ADDR  00F0H  PREDEFINED  
BACK . . . . . . . . . . . . . .  C ADDR  008DH  
BF . . . . . . . . . . . . . . .    NUMB  00A7H  
COMMAND. . . . . . . . . . . . .  C ADDR  009AH  
DATA_DISPLAY . . . . . . . . . .  C ADDR  00A7H  
DATA_PORT. . . . . . . . . . . .    NUMB  00A0H  
DELAY. . . . . . . . . . . . . .  C ADDR  00D5H  NOT USED  
DELAY_MS . . . . . . . . . . . .  C ADDR  00C5H  
DELAY_S. . . . . . . . . . . . .  C ADDR  00B5H  NOT USED  
DELAY_US . . . . . . . . . . . .  C ADDR  00D1H  
E. . . . . . . . . . . . . . . .    NUMB  0082H  
HERE . . . . . . . . . . . . . .  C ADDR  006FH  
IE . . . . . . . . . . . . . . .  D ADDR  00A8H  PREDEFINED  
INIT_LCD . . . . . . . . . . . .  C ADDR  0071H  
INT_0. . . . . . . . . . . . . .  C ADDR  0030H  NOT USED  
INT_1. . . . . . . . . . . . . .  C ADDR  0032H  NOT USED  
L1 . . . . . . . . . . . . . . .  C ADDR  00D9H  
L2 . . . . . . . . . . . . . . .  C ADDR  00D7H  
LCD_1. . . . . . . . . . . . . .  C ADDR  003BH  
LCD_2. . . . . . . . . . . . . .  C ADDR  0041H  
MAIN . . . . . . . . . . . . . .  C ADDR  004DH  NOT USED  
MS1. . . . . . . . . . . . . . .  C ADDR  00C9H  
MS2. . . . . . . . . . . . . . .  C ADDR  00C7H  
MS3. . . . . . . . . . . . . . .  C ADDR  00C5H  
NEXTWORD . . . . . . . . . . . .  C ADDR  005FH  
P0 . . . . . . . . . . . . . . .  D ADDR  0080H  PREDEFINED  
P2 . . . . . . . . . . . . . . .  D ADDR  00A0H  PREDEFINED  
READY. . . . . . . . . . . . . .  C ADDR  0087H  
RS . . . . . . . . . . . . . . .    NUMB  0080H  
RW . . . . . . . . . . . . . . .    NUMB  0081H  
S1 . . . . . . . . . . . . . . .  C ADDR  00BBH  
S2 . . . . . . . . . . . . . . .  C ADDR  00B9H  
S3 . . . . . . . . . . . . . . .  C ADDR  00B7H  
S4 . . . . . . . . . . . . . . .  C ADDR  00B5H  
SER. . . . . . . . . . . . . . .  C ADDR  0034H  NOT USED  
SETUP. . . . . . . . . . . . . .  C ADDR  0035H  
TCON . . . . . . . . . . . . . .  D ADDR  0088H  PREDEFINED  
TF_0 . . . . . . . . . . . . . .  C ADDR  0031H  NOT USED  
TF_1 . . . . . . . . . . . . . .  C ADDR  0033H  NOT USED  
US1. . . . . . . . . . . . . . .  C ADDR  00D1H  
WORD1. . . . . . . . . . . . . .  C ADDR  0056H  
WORD2. . . . . . . . . . . . . .  C ADDR  0066H  
